// Jest Snapshot v1, https://goo.gl/fbAQLP

exports[`App tests renders correctly 1`] = `
Object {
  "asFragment": [Function],
  "baseElement": <body>
    <div>
      <div
        class="App"
      >
        <header
          class="App-header"
        >
          <img
            alt="logo"
            class="App-logo"
            src="logo.svg"
          />
          <p>
            Edit 
            <code>
              src/App.js
            </code>
             and save to reload.
          </p>
          <a
            class="App-link"
            href="https://reactjs.org"
            rel="noopener noreferrer"
            target="_blank"
          >
            Learn React
          </a>
          <p>
            <button
              data-testid="core-button"
              style="background-color: darkorange; color: white;"
            >
              Local Button
            </button>
            <span>
              <button
                data-testid="core-button"
                style="background-color: darkblue; color: white;"
              >
                Remote Blue
              </button>
              <button
                data-testid="core-button"
                style="background-color: deeppink; color: white;"
              >
                Remote Pink
              </button>
            </span>
          </p>
        </header>
      </div>
    </div>
  </body>,
  "container": <div>
    <div
      class="App"
    >
      <header
        class="App-header"
      >
        <img
          alt="logo"
          class="App-logo"
          src="logo.svg"
        />
        <p>
          Edit 
          <code>
            src/App.js
          </code>
           and save to reload.
        </p>
        <a
          class="App-link"
          href="https://reactjs.org"
          rel="noopener noreferrer"
          target="_blank"
        >
          Learn React
        </a>
        <p>
          <button
            data-testid="core-button"
            style="background-color: darkorange; color: white;"
          >
            Local Button
          </button>
          <span>
            <button
              data-testid="core-button"
              style="background-color: darkblue; color: white;"
            >
              Remote Blue
            </button>
            <button
              data-testid="core-button"
              style="background-color: deeppink; color: white;"
            >
              Remote Pink
            </button>
          </span>
        </p>
      </header>
    </div>
  </div>,
  "debug": [Function],
  "findAllByAltText": [Function],
  "findAllByDisplayValue": [Function],
  "findAllByLabelText": [Function],
  "findAllByPlaceholderText": [Function],
  "findAllByRole": [Function],
  "findAllByTestId": [Function],
  "findAllByText": [Function],
  "findAllByTitle": [Function],
  "findByAltText": [Function],
  "findByDisplayValue": [Function],
  "findByLabelText": [Function],
  "findByPlaceholderText": [Function],
  "findByRole": [Function],
  "findByTestId": [Function],
  "findByText": [Function],
  "findByTitle": [Function],
  "getAllByAltText": [Function],
  "getAllByDisplayValue": [Function],
  "getAllByLabelText": [Function],
  "getAllByPlaceholderText": [Function],
  "getAllByRole": [Function],
  "getAllByTestId": [Function],
  "getAllByText": [Function],
  "getAllByTitle": [Function],
  "getByAltText": [Function],
  "getByDisplayValue": [Function],
  "getByLabelText": [Function],
  "getByPlaceholderText": [Function],
  "getByRole": [Function],
  "getByTestId": [Function],
  "getByText": [Function],
  "getByTitle": [Function],
  "queryAllByAltText": [Function],
  "queryAllByDisplayValue": [Function],
  "queryAllByLabelText": [Function],
  "queryAllByPlaceholderText": [Function],
  "queryAllByRole": [Function],
  "queryAllByTestId": [Function],
  "queryAllByText": [Function],
  "queryAllByTitle": [Function],
  "queryByAltText": [Function],
  "queryByDisplayValue": [Function],
  "queryByLabelText": [Function],
  "queryByPlaceholderText": [Function],
  "queryByRole": [Function],
  "queryByTestId": [Function],
  "queryByText": [Function],
  "queryByTitle": [Function],
  "rerender": [Function],
  "unmount": [Function],
}
`;
